Copyright 1986-2016 Xilinx, Inc. All Rights Reserved.
-----------------------------------------------------------------------------------------------------------------------------
| Tool Version : Vivado v.2016.2 (lin64) Build 1577090 Thu Jun  2 16:32:35 MDT 2016
| Date         : Mon May 20 20:15:27 2019
| Host         : Lienen02 running 64-bit Ubuntu 18.04.2 LTS
| Command      : report_utilization -file ./Implement/config_matrixmul/reports/design_1_wrapper_utilization_route_design.rpt
| Design       : design_1_wrapper
| Device       : 7z020clg484-1
| Design State : Routed
-----------------------------------------------------------------------------------------------------------------------------

Utilization Design Information

Table of Contents
-----------------
1. Slice Logic
1.1 Summary of Registers by Type
2. Slice Logic Distribution
3. Memory
4. DSP
5. IO and GT Specific
6. Clocking
7. Specific Feature
8. Primitives
9. Black Boxes
10. Instantiated Netlists

1. Slice Logic
--------------

+----------------------------+------+-------+-----------+-------+
|          Site Type         | Used | Fixed | Available | Util% |
+----------------------------+------+-------+-----------+-------+
| Slice LUTs                 | 5288 |  3402 |     53200 |  9.94 |
|   LUT as Logic             | 4703 |  2817 |     53200 |  8.84 |
|   LUT as Memory            |  585 |   585 |     17400 |  3.36 |
|     LUT as Distributed RAM |  458 |   458 |           |       |
|     LUT as Shift Register  |  127 |   127 |           |       |
| Slice Registers            | 5249 |  3601 |    106400 |  4.93 |
|   Register as Flip Flop    | 5247 |  3599 |    106400 |  4.93 |
|   Register as Latch        |    2 |     2 |    106400 | <0.01 |
| F7 Muxes                   |    1 |     1 |     26600 | <0.01 |
| F8 Muxes                   |    0 |     0 |     13300 |  0.00 |
+----------------------------+------+-------+-----------+-------+


1.1 Summary of Registers by Type
--------------------------------

+-------+--------------+-------------+--------------+
| Total | Clock Enable | Synchronous | Asynchronous |
+-------+--------------+-------------+--------------+
| 0     |            _ |           - |            - |
| 0     |            _ |           - |          Set |
| 0     |            _ |           - |        Reset |
| 0     |            _ |         Set |            - |
| 0     |            _ |       Reset |            - |
| 0     |          Yes |           - |            - |
| 59    |          Yes |           - |          Set |
| 1593  |          Yes |           - |        Reset |
| 74    |          Yes |         Set |            - |
| 3523  |          Yes |       Reset |            - |
+-------+--------------+-------------+--------------+


2. Slice Logic Distribution
---------------------------

+------------------------------------------+------+-------+-----------+-------+
|                 Site Type                | Used | Fixed | Available | Util% |
+------------------------------------------+------+-------+-----------+-------+
| Slice                                    | 2083 |     0 |     13300 | 15.66 |
|   SLICEL                                 | 1332 |     0 |           |       |
|   SLICEM                                 |  751 |     0 |           |       |
| LUT as Logic                             | 4703 |  2817 |     53200 |  8.84 |
|   using O5 output only                   |    0 |       |           |       |
|   using O6 output only                   | 3733 |       |           |       |
|   using O5 and O6                        |  970 |       |           |       |
| LUT as Memory                            |  585 |   585 |     17400 |  3.36 |
|   LUT as Distributed RAM                 |  458 |   458 |           |       |
|     using O5 output only                 |    0 |       |           |       |
|     using O6 output only                 |  354 |       |           |       |
|     using O5 and O6                      |  104 |       |           |       |
|   LUT as Shift Register                  |  127 |   127 |           |       |
|     using O5 output only                 |    0 |       |           |       |
|     using O6 output only                 |  125 |       |           |       |
|     using O5 and O6                      |    2 |       |           |       |
| LUT Flip Flop Pairs                      | 2095 |     0 |     53200 |  3.94 |
|   fully used LUT-FF pairs                |  556 |       |           |       |
|   LUT-FF pairs with one unused LUT       | 1458 |       |           |       |
|   LUT-FF pairs with one unused Flip Flop | 1428 |       |           |       |
| Unique Control Sets                      |  266 |       |           |       |
+------------------------------------------+------+-------+-----------+-------+
* Note: Review the Control Sets Report for more information regarding control sets.


3. Memory
---------

+-------------------+------+-------+-----------+-------+
|     Site Type     | Used | Fixed | Available | Util% |
+-------------------+------+-------+-----------+-------+
| Block RAM Tile    |   34 |     0 |       140 | 24.29 |
|   RAMB36/FIFO*    |   32 |     0 |       140 | 22.86 |
|     RAMB36E1 only |   32 |       |           |       |
|   RAMB18          |    4 |     0 |       280 |  1.43 |
|     RAMB18E1 only |    4 |       |           |       |
+-------------------+------+-------+-----------+-------+
* Note: Each Block RAM Tile only has one FIFO logic available and therefore can accommodate only one FIFO36E1 or one FIFO18E1. However, if a FIFO18E1 occupies a Block RAM Tile, that tile can still accommodate a RAMB18E1


4. DSP
------

+----------------+------+-------+-----------+-------+
|    Site Type   | Used | Fixed | Available | Util% |
+----------------+------+-------+-----------+-------+
| DSPs           |    6 |     0 |       220 |  2.73 |
|   DSP48E1 only |    6 |       |           |       |
+----------------+------+-------+-----------+-------+


5. IO and GT Specific
---------------------

+-----------------------------+------+-------+-----------+--------+
|          Site Type          | Used | Fixed | Available |  Util% |
+-----------------------------+------+-------+-----------+--------+
| Bonded IOB                  |    0 |     0 |       200 |   0.00 |
| Bonded IPADs                |    0 |     0 |         2 |   0.00 |
| Bonded IOPADs               |  130 |   130 |       130 | 100.00 |
| PHY_CONTROL                 |    0 |     0 |         4 |   0.00 |
| PHASER_REF                  |    0 |     0 |         4 |   0.00 |
| OUT_FIFO                    |    0 |     0 |        16 |   0.00 |
| IN_FIFO                     |    0 |     0 |        16 |   0.00 |
| IDELAYCTRL                  |    0 |     0 |         4 |   0.00 |
| IBUFDS                      |    0 |     0 |       192 |   0.00 |
| PHASER_OUT/PHASER_OUT_PHY   |    0 |     0 |        16 |   0.00 |
| PHASER_IN/PHASER_IN_PHY     |    0 |     0 |        16 |   0.00 |
| IDELAYE2/IDELAYE2_FINEDELAY |    0 |     0 |       200 |   0.00 |
| ILOGIC                      |    0 |     0 |       200 |   0.00 |
| OLOGIC                      |    0 |     0 |       200 |   0.00 |
+-----------------------------+------+-------+-----------+--------+


6. Clocking
-----------

+------------+------+-------+-----------+-------+
|  Site Type | Used | Fixed | Available | Util% |
+------------+------+-------+-----------+-------+
| BUFGCTRL   |    2 |     2 |        32 |  6.25 |
| BUFIO      |    0 |     0 |        16 |  0.00 |
| MMCME2_ADV |    0 |     0 |         4 |  0.00 |
| PLLE2_ADV  |    2 |     2 |         4 | 50.00 |
| BUFMRCE    |    0 |     0 |         8 |  0.00 |
| BUFHCE     |    0 |     0 |        72 |  0.00 |
| BUFR       |    0 |     0 |        16 |  0.00 |
+------------+------+-------+-----------+-------+


7. Specific Feature
-------------------

+-------------+------+-------+-----------+-------+
|  Site Type  | Used | Fixed | Available | Util% |
+-------------+------+-------+-----------+-------+
| BSCANE2     |    0 |     0 |         4 |  0.00 |
| CAPTUREE2   |    0 |     0 |         1 |  0.00 |
| DNA_PORT    |    0 |     0 |         1 |  0.00 |
| EFUSE_USR   |    0 |     0 |         1 |  0.00 |
| FRAME_ECCE2 |    0 |     0 |         1 |  0.00 |
| ICAPE2      |    0 |     0 |         2 |  0.00 |
| STARTUPE2   |    0 |     0 |         1 |  0.00 |
| XADC        |    0 |     0 |         1 |  0.00 |
+-------------+------+-------+-----------+-------+


8. Primitives
-------------

+-----------+------+----------------------+
|  Ref Name | Used |  Functional Category |
+-----------+------+----------------------+
| FDRE      | 3523 |         Flop & Latch |
| LUT6      | 1690 |                  LUT |
| FDCE      | 1591 |         Flop & Latch |
| LUT3      | 1160 |                  LUT |
| LUT2      |  834 |                  LUT |
| LUT5      |  808 |                  LUT |
| LUT4      |  775 |                  LUT |
| CARRY4    |  409 |           CarryLogic |
| LUT1      |  406 |                  LUT |
| RAMD64E   |  352 |   Distributed Memory |
| RAMD32    |  158 |   Distributed Memory |
| BIBUF     |  130 |                   IO |
| SRLC32E   |  103 |   Distributed Memory |
| FDSE      |   74 |         Flop & Latch |
| FDPE      |   59 |         Flop & Latch |
| RAMS32    |   52 |   Distributed Memory |
| RAMB36E1  |   32 |         Block Memory |
| SRL16E    |   26 |   Distributed Memory |
| DSP48E1   |    6 |     Block Arithmetic |
| RAMB18E1  |    4 |         Block Memory |
| PLLE2_ADV |    2 |                Clock |
| LDCE      |    2 |         Flop & Latch |
| PS7       |    1 | Specialized Resource |
| MUXF7     |    1 |                MuxFx |
| BUFGCTRL  |    1 |                Clock |
| BUFG      |    1 |                Clock |
+-----------+------+----------------------+


9. Black Boxes
--------------

+----------+------+
| Ref Name | Used |
+----------+------+


10. Instantiated Netlists
-------------------------

+-------------------+------+
|      Ref Name     | Used |
+-------------------+------+
| design_1_slot_1_0 |    1 |
| design_1_slot_0_0 |    1 |
+-------------------+------+


